// Jest Snapshot v1, https://goo.gl/fbAQLP

exports[`Snapshot 1`] = `
<div>
  <header>
    <p
      class="TransliterationHeader__description"
    >
      Balbodduh lifuseb wuuk nasu hulwajo ho hiskuk riwa eldat ivu jandara nosrina abike befukiz ravsus.
    </p>
    <p
      class="TransliterationHeader__description"
    >
      Zut uzzejum ub mil ika roppar zewize ipifac vut eci avimez cewmikjov kiwso zamli jecja now.
    </p>
    <p
      class="TransliterationHeader__publication"
    >
      (Publication: 
      Guod cigipli epibif odepuwu.
      )
    </p>
  </header>
  <ol
    class="Transliteration"
  >
    <li
      class="Transliteration__TextLine"
    >
      <span>
        1.
      </span>
      <span
        class="Transliteration__wordSeparator Transliteration__wordSeparator--AKKADIAN"
      >
         
      </span>
      <span
        class="Transliteration__Word Transliteration__Word--AKKADIAN"
      >
        <span
          class="Transliteration__Reading"
        >
          <span
            class=""
          >
            kur
            <sub
              class="Transliteration__subIndex"
            >
              2
            </sub>
            <sup
              class="Transliteration__modifier"
            />
            <sup
              class="Transliteration__flag"
            />
          </span>
        </span>
        <span
          class="Transliteration__Joiner"
        >
          -
        </span>
        <span
          class="Transliteration__Token"
        >
          [
        </span>
        <span
          class="Transliteration__Token"
        >
          (
        </span>
        <span
          class="Transliteration__Logogram"
        >
          <span
            class=""
          >
            KUR
            <sub
              class="Transliteration__subIndex"
            >
              2
            </sub>
            <sup
              class="Transliteration__modifier"
            />
            <sup
              class="Transliteration__flag"
            />
          </span>
        </span>
        <span
          class="Transliteration__Joiner"
        >
          -
        </span>
        <span
          class="Transliteration__Variant"
        >
          <span
            class="Transliteration__Reading"
          >
            <span
              class=""
            >
              kur
              <sup
                class="Transliteration__modifier"
              />
              <sup
                class="Transliteration__flag"
              />
            </span>
          </span>
          /
          <span
            class="Transliteration__Logogram"
          >
            <span
              class=""
            >
              RA
              <sup
                class="Transliteration__modifier"
              />
              <sup
                class="Transliteration__flag"
              />
            </span>
          </span>
        </span>
        <span
          class="Transliteration__Token"
        >
          )
        </span>
      </span>
      <span
        class="Transliteration__wordSeparator Transliteration__wordSeparator--AKKADIAN"
      >
         
      </span>
      <span
        class="Transliteration__UnknownNumberOfSigns Transliteration__UnknownNumberOfSigns--AKKADIAN"
      >
        …
      </span>
      <span
        class="Transliteration__BrokenAway Transliteration__BrokenAway--AKKADIAN"
      >
        ]
      </span>
    </li>
    <li
      class="Transliteration__TextLine"
    >
      <span>
        2.
      </span>
      <span
        class="Transliteration__wordSeparator Transliteration__wordSeparator--AKKADIAN"
      >
         
      </span>
      <span
        class="Transliteration__Word Transliteration__Word--AKKADIAN"
      >
        <span
          class="Transliteration__CompoundGrapheme"
        >
          |KUR.KUR|
        </span>
      </span>
      <span
        class="Transliteration__wordSeparator Transliteration__wordSeparator--AKKADIAN"
      >
         
      </span>
      <span
        class="Transliteration__Tabulation Transliteration__Tabulation--AKKADIAN"
      >
        <span />
      </span>
      <span
        class="Transliteration__wordSeparator Transliteration__wordSeparator--AKKADIAN"
      >
         
      </span>
      <span
        class="Transliteration__Tabulation Transliteration__Tabulation--AKKADIAN"
      >
        <span />
      </span>
      <span
        class="Transliteration__wordSeparator Transliteration__wordSeparator--AKKADIAN"
      >
         
      </span>
      <span
        class="Transliteration__Word Transliteration__Word--AKKADIAN"
      >
        <span
          class="Transliteration__Variant"
        >
          <span
            class="Transliteration__Reading"
          >
            <span
              class=""
            >
              kur
              <sup
                class="Transliteration__modifier"
              />
              <sup
                class="Transliteration__flag"
              />
            </span>
          </span>
          /
          <span
            class="Transliteration__CompoundGrapheme"
          >
            |RA|
          </span>
        </span>
      </span>
      <span
        class="Transliteration__wordSeparator Transliteration__wordSeparator--AKKADIAN"
      >
         
      </span>
      <span
        class="Transliteration__BrokenAway Transliteration__BrokenAway--AKKADIAN"
      >
        [
      </span>
      <span
        class="Transliteration__UnknownNumberOfSigns Transliteration__UnknownNumberOfSigns--AKKADIAN"
      >
        …
      </span>
      <span
        class="Transliteration__BrokenAway Transliteration__BrokenAway--AKKADIAN"
      >
        ]
      </span>
    </li>
    <li
      class="Transliteration__TextLine"
    >
      <span>
        3.
      </span>
      <span
        class="Transliteration__wordSeparator Transliteration__wordSeparator--AKKADIAN"
      >
         
      </span>
      <span
        class="Transliteration__Word Transliteration__Word--AKKADIAN"
      >
        <span
          class="Transliteration__Number"
        >
          <span
            class="Transliteration__Number--damaged"
          >
            1
            <sup
              class="Transliteration__modifier"
            >
              v
            </sup>
            <sup
              class="Transliteration__flag"
            >
              *
            </sup>
          </span>
        </span>
      </span>
      <span
        class="Transliteration__wordSeparator Transliteration__wordSeparator--AKKADIAN"
      >
         
      </span>
      <span
        class="Transliteration__Word Transliteration__Word--AKKADIAN"
      >
        <span
          class="Transliteration__UnclearSign"
        >
          <span
            class="Transliteration__UnclearSign--damaged"
          >
            x
            <sup
              class="Transliteration__flag"
            >
              !
            </sup>
          </span>
        </span>
      </span>
      <span
        class="Transliteration__wordSeparator Transliteration__wordSeparator--AKKADIAN"
      >
         
      </span>
      <span
        class="Transliteration__Word Transliteration__Word--AKKADIAN"
      >
        <span
          class="Transliteration__UnidentifiedSign"
        >
          <span
            class="Transliteration__UnidentifiedSign--damaged"
          >
            X
            <sup
              class="Transliteration__flag"
            >
              ?
            </sup>
          </span>
        </span>
      </span>
      <span
        class="Transliteration__wordSeparator Transliteration__wordSeparator--AKKADIAN"
      >
         
      </span>
      <span
        class="Transliteration__Divider Transliteration__Divider--AKKADIAN"
      >
        <span
          class="Transliteration__Divider--damaged"
        >
          ::
          <sup
            class="Transliteration__modifier"
          >
            v44
          </sup>
          <sup
            class="Transliteration__flag"
          >
            ?
          </sup>
        </span>
      </span>
      <span
        class="Transliteration__wordSeparator Transliteration__wordSeparator--AKKADIAN"
      >
         
      </span>
      <span
        class="Transliteration__Word Transliteration__Word--AKKADIAN"
      >
        <span
          class="Transliteration__Token"
        >
          [
        </span>
        <span
          class="Transliteration__Token"
        >
          (
        </span>
        <span
          class="Transliteration__UnclearSign"
        >
          <span
            class=""
          >
            x
            <sup
              class="Transliteration__flag"
            />
          </span>
        </span>
        <span
          class="Transliteration__Token"
        >
          )
        </span>
      </span>
      <span
        class="Transliteration__wordSeparator Transliteration__wordSeparator--AKKADIAN"
      >
         
      </span>
      <span
        class="Transliteration__Word Transliteration__Word--AKKADIAN"
      >
        <span
          class="Transliteration__UnclearSign"
        >
          <span
            class=""
          >
            x
            <sup
              class="Transliteration__flag"
            />
          </span>
        </span>
        <span
          class="Transliteration__Token"
        >
          ]
        </span>
      </span>
    </li>
    <li
      class="Transliteration__TextLine"
    >
      <span>
        1.
      </span>
      <span
        class="Transliteration__wordSeparator Transliteration__wordSeparator--AKKADIAN"
      >
         
      </span>
      <span
        class="Transliteration__Tabulation Transliteration__Tabulation--AKKADIAN"
      >
        <span />
      </span>
      <span
        class="Transliteration__wordSeparator Transliteration__wordSeparator--AKKADIAN"
      >
         
      </span>
      <span
        class="Transliteration__Word Transliteration__Word--AKKADIAN"
      >
        <span
          class="Transliteration__Reading"
        >
          <span
            class="Transliteration__Reading--damaged"
          >
            kur
            <sub
              class="Transliteration__subIndex"
            >
              x
            </sub>
            <sup
              class="Transliteration__modifier"
            >
              v
            </sup>
            <sup
              class="Transliteration__flag"
            >
              !
            </sup>
            <span
              class="Transliteration__bracket"
            >
              (
            </span>
            <span
              class="Transliteration__Grapheme"
            >
              <span
                class="Transliteration__Grapheme--damaged"
              >
                KUR
                <sup
                  class="Transliteration__modifier"
                >
                  v
                </sup>
                <sup
                  class="Transliteration__flag"
                >
                  ?
                </sup>
              </span>
            </span>
            <span
              class="Transliteration__bracket"
            >
              )
            </span>
          </span>
        </span>
        <span
          class="Transliteration__Joiner"
        >
          -
        </span>
        <span
          class="Transliteration__Logogram"
        >
          <span
            class="Transliteration__Logogram--damaged"
          >
            KUR
            <sub
              class="Transliteration__subIndex"
            >
              2
            </sub>
            <sup
              class="Transliteration__modifier"
            >
              v
            </sup>
            <sup
              class="Transliteration__flag"
            >
              ?
            </sup>
            <span
              class="Transliteration__bracket"
            >
              &lt;(
            </span>
            <span
              class="Transliteration__Reading"
            >
              <span
                class=""
              >
                kur
                <sup
                  class="Transliteration__modifier"
                />
                <sup
                  class="Transliteration__flag"
                />
              </span>
            </span>
            <span
              class="Transliteration__Joiner"
            >
              -
            </span>
            <span
              class="Transliteration__Reading"
            >
              <span
                class=""
              >
                kur
                <sup
                  class="Transliteration__modifier"
                />
                <sup
                  class="Transliteration__flag"
                />
              </span>
            </span>
            <span
              class="Transliteration__bracket"
            >
              )&gt;
            </span>
          </span>
        </span>
      </span>
    </li>
    <li
      class="Transliteration__TextLine"
    >
      <span>
        5.
      </span>
      <span
        class="Transliteration__wordSeparator Transliteration__wordSeparator--AKKADIAN"
      >
         
      </span>
      <span
        class="Transliteration__Erasure Transliteration__Erasure--AKKADIAN"
      >
        °
      </span>
      <span
        class="Transliteration__Word Transliteration__Word--AKKADIAN"
      >
        <span
          class="Transliteration__Reading"
        >
          <span
            class=""
          >
            kur
            <sup
              class="Transliteration__modifier"
            />
            <sup
              class="Transliteration__flag"
            />
          </span>
        </span>
      </span>
      <span
        class="Transliteration__Erasure Transliteration__Erasure--AKKADIAN"
      >
        \\
      </span>
      <span
        class="Transliteration__Word Transliteration__Word--AKKADIAN"
      >
        <span
          class="Transliteration__Reading"
        >
          <span
            class=""
          >
            kur
            <sup
              class="Transliteration__modifier"
            />
            <sup
              class="Transliteration__flag"
            />
          </span>
        </span>
      </span>
      <span
        class="Transliteration__Erasure Transliteration__Erasure--AKKADIAN"
      >
        °
      </span>
      <span
        class="Transliteration__wordSeparator Transliteration__wordSeparator--AKKADIAN"
      >
         
      </span>
      <span
        class="Transliteration__Word Transliteration__Word--AKKADIAN"
      >
        <span
          class="Transliteration__Reading"
        >
          <span
            class=""
          >
            kur
            <sup
              class="Transliteration__modifier"
            />
            <sup
              class="Transliteration__flag"
            />
          </span>
        </span>
        <span
          class="Transliteration__Joiner"
        >
          -
        </span>
        <span
          class="Transliteration__Erasure"
        >
          °
        </span>
        <span
          class="Transliteration__Reading"
        >
          <span
            class=""
          >
            kur
            <sup
              class="Transliteration__modifier"
            />
            <sup
              class="Transliteration__flag"
            />
          </span>
        </span>
        <span
          class="Transliteration__Erasure"
        >
          \\
        </span>
        <span
          class="Transliteration__Reading"
        >
          <span
            class=""
          >
            kur
            <sup
              class="Transliteration__modifier"
            />
            <sup
              class="Transliteration__flag"
            />
          </span>
        </span>
        <span
          class="Transliteration__Erasure"
        >
          °
        </span>
        <span
          class="Transliteration__Joiner"
        >
          -
        </span>
        <span
          class="Transliteration__Reading"
        >
          <span
            class=""
          >
            kur
            <sup
              class="Transliteration__modifier"
            />
            <sup
              class="Transliteration__flag"
            />
          </span>
        </span>
      </span>
    </li>
    <li
      class="Transliteration__TextLine"
    >
      <span>
        6.
      </span>
      <span
        class="Transliteration__wordSeparator Transliteration__wordSeparator--AKKADIAN"
      >
         
      </span>
      <span
        class="Transliteration__Word Transliteration__Word--AKKADIAN"
      >
        <span
          class="Transliteration__Determinative"
        >
          <sup>
            <span
              class="Transliteration__Reading"
            >
              <span
                class="Transliteration__Reading--damaged"
              >
                d
                <sup
                  class="Transliteration__modifier"
                />
                <sup
                  class="Transliteration__flag"
                />
              </span>
            </span>
            <span
              class="Transliteration__Joiner"
            >
              -
            </span>
            <span
              class="Transliteration__Reading"
            >
              <span
                class=""
              >
                kur
                <sub
                  class="Transliteration__subIndex"
                >
                  2
                </sub>
                <sup
                  class="Transliteration__modifier"
                />
                <sup
                  class="Transliteration__flag"
                >
                  ?
                </sup>
              </span>
            </span>
          </sup>
        </span>
        <span
          class="Transliteration__Determinative"
        >
          <sup>
            <span
              class="Transliteration__Reading"
            >
              <span
                class=""
              >
                d
                <sup
                  class="Transliteration__modifier"
                />
                <sup
                  class="Transliteration__flag"
                />
              </span>
            </span>
            <span
              class="Transliteration__Joiner"
            >
              -
            </span>
            <span
              class="Transliteration__Logogram"
            >
              <span
                class=""
              >
                RA
                <sup
                  class="Transliteration__modifier"
                />
                <sup
                  class="Transliteration__flag"
                >
                  !
                </sup>
              </span>
            </span>
          </sup>
        </span>
        <span
          class="Transliteration__Reading"
        >
          <span
            class=""
          >
            kur
            <sup
              class="Transliteration__modifier"
            />
            <sup
              class="Transliteration__flag"
            />
          </span>
        </span>
        <span
          class="Transliteration__LinguisticGloss"
        >
          <sup>
            <span
              class="Transliteration__Reading"
            >
              <span
                class=""
              >
                kur
                <sup
                  class="Transliteration__modifier"
                />
                <sup
                  class="Transliteration__flag"
                />
              </span>
            </span>
          </sup>
        </span>
      </span>
      <span
        class="Transliteration__wordSeparator Transliteration__wordSeparator--AKKADIAN"
      >
         
      </span>
      <sup
        class="Transliteration__DocumentOrientedGloss"
      >
        <span
          class="Transliteration__Word Transliteration__Word--AKKADIAN"
        >
          <span
            class="Transliteration__Reading"
          >
            <span
              class=""
            >
              kur
              <sup
                class="Transliteration__modifier"
              />
              <sup
                class="Transliteration__flag"
              />
            </span>
          </span>
          <span
            class="Transliteration__Determinative"
          >
            <sup>
              <span
                class="Transliteration__Reading"
              >
                <span
                  class=""
                >
                  d
                  <sup
                    class="Transliteration__modifier"
                  />
                  <sup
                    class="Transliteration__flag"
                  >
                    !
                  </sup>
                </span>
              </span>
            </sup>
          </span>
        </span>
        <span
          class="Transliteration__wordSeparator Transliteration__wordSeparator--AKKADIAN"
        >
           
        </span>
        <span
          class="Transliteration__Word Transliteration__Word--AKKADIAN"
        >
          <span
            class="Transliteration__Logogram"
          >
            <span
              class=""
            >
              KUR
              <sub
                class="Transliteration__subIndex"
              >
                2
              </sub>
              <sup
                class="Transliteration__modifier"
              />
              <sup
                class="Transliteration__flag"
              >
                !
              </sup>
            </span>
          </span>
          <span
            class="Transliteration__Joiner"
          >
            -
          </span>
          <span
            class="Transliteration__Reading"
          >
            <span
              class=""
            >
              ra
              <sup
                class="Transliteration__modifier"
              />
              <sup
                class="Transliteration__flag"
              />
            </span>
          </span>
        </span>
        <span
          class="Transliteration__wordSeparator Transliteration__wordSeparator--EMESAL"
        >
           
        </span>
        <span
          class="Transliteration__Word Transliteration__Word--EMESAL"
        >
          <span
            class="Transliteration__Reading"
          >
            <span
              class=""
            >
              kur
              <sup
                class="Transliteration__modifier"
              />
              <sup
                class="Transliteration__flag"
              />
            </span>
          </span>
          <span
            class="Transliteration__PhoneticGloss"
          >
            <sup>
              <span
                class="Transliteration__Reading"
              >
                <span
                  class=""
                >
                  k[ur
                  <sup
                    class="Transliteration__modifier"
                  />
                  <sup
                    class="Transliteration__flag"
                  />
                </span>
              </span>
              <span
                class="Transliteration__Token"
              >
                ]
              </span>
              <span
                class="Transliteration__Joiner"
              >
                -
              </span>
              <span
                class="Transliteration__Logogram"
              >
                <span
                  class=""
                >
                  RA
                  <sup
                    class="Transliteration__modifier"
                  />
                  <sup
                    class="Transliteration__flag"
                  />
                </span>
              </span>
            </sup>
          </span>
        </span>
        <span
          class="Transliteration__wordSeparator Transliteration__wordSeparator--EMESAL"
        >
           
        </span>
        <span
          class="Transliteration__Word Transliteration__Word--EMESAL"
        >
          <span
            class="Transliteration__Determinative"
          >
            <sup>
              <span
                class="Transliteration__Reading"
              >
                <span
                  class=""
                >
                  kur
                  <sup
                    class="Transliteration__modifier"
                  />
                  <sup
                    class="Transliteration__flag"
                  />
                </span>
              </span>
            </sup>
          </span>
          <span
            class="Transliteration__Reading"
          >
            <span
              class=""
            >
              kur
              <sub
                class="Transliteration__subIndex"
              >
                2
              </sub>
              <sup
                class="Transliteration__modifier"
              />
              <sup
                class="Transliteration__flag"
              />
            </span>
          </span>
        </span>
      </sup>
    </li>
    <li
      class="Transliteration__TextLine"
    >
      <span>
        7.
      </span>
      <span
        class="Transliteration__wordSeparator Transliteration__wordSeparator--AKKADIAN"
      >
         
      </span>
      <span
        class="Transliteration__Word Transliteration__Word--AKKADIAN"
      >
        <span
          class="Transliteration__Token"
        >
          [
        </span>
        <span
          class="Transliteration__Token"
        >
          (
        </span>
        <span
          class="Transliteration__Reading"
        >
          <span
            class=""
          >
            kur
            <sup
              class="Transliteration__modifier"
            />
            <sup
              class="Transliteration__flag"
            />
          </span>
        </span>
        <span
          class="Transliteration__Token"
        >
          )
        </span>
        <span
          class="Transliteration__Joiner"
        >
          -
        </span>
        <span
          class="Transliteration__Token"
        >
          [
        </span>
        <span
          class="Transliteration__LinguisticGloss"
        >
          <sup>
            <span
              class="Transliteration__Reading"
            >
              <span
                class=""
              >
                k]ur
                <sup
                  class="Transliteration__modifier"
                />
                <sup
                  class="Transliteration__flag"
                />
              </span>
            </span>
            <span
              class="Transliteration__Joiner"
            >
              -
            </span>
            <span
              class="Transliteration__Token"
            >
              [
            </span>
            <span
              class="Transliteration__Reading"
            >
              <span
                class=""
              >
                kur
                <sup
                  class="Transliteration__modifier"
                />
                <sup
                  class="Transliteration__flag"
                />
              </span>
            </span>
          </sup>
        </span>
        <span
          class="Transliteration__Token"
        >
          ]
        </span>
        <span
          class="Transliteration__Reading"
        >
          <span
            class=""
          >
            k[ur
            <sup
              class="Transliteration__modifier"
            />
            <sup
              class="Transliteration__flag"
            />
          </span>
        </span>
        <span
          class="Transliteration__Token"
        >
          ]
        </span>
      </span>
    </li>
    <li
      class="Transliteration__TextLine"
    >
      <span>
        8.
      </span>
      <span
        class="Transliteration__wordSeparator Transliteration__wordSeparator--AKKADIAN"
      >
         
      </span>
      <span
        class="Transliteration__Tabulation Transliteration__Tabulation--AKKADIAN"
      >
        <span />
      </span>
      <span
        class="Transliteration__wordSeparator Transliteration__wordSeparator--AKKADIAN"
      >
         
      </span>
      <span
        class="Transliteration__Tabulation Transliteration__Tabulation--AKKADIAN"
      >
        <span />
      </span>
      <span
        class="Transliteration__wordSeparator Transliteration__wordSeparator--AKKADIAN"
      >
         
      </span>
      <span
        class="Transliteration__Word Transliteration__Word--AKKADIAN"
      >
        <span
          class="Transliteration__Reading"
        >
          <span
            class=""
          >
            kur
            <sup
              class="Transliteration__modifier"
            />
            <sup
              class="Transliteration__flag"
            />
          </span>
        </span>
      </span>
      <span
        class="Transliteration__wordSeparator Transliteration__wordSeparator--SUMERIAN"
      >
         
      </span>
      <span
        class="Transliteration__Word Transliteration__Word--SUMERIAN"
      >
        <span
          class="Transliteration__Reading"
        >
          <span
            class=""
          >
            kur
            <sup
              class="Transliteration__modifier"
            />
            <sup
              class="Transliteration__flag"
            />
          </span>
        </span>
        <span
          class="Transliteration__Determinative"
        >
          <sup>
            <span
              class="Transliteration__Reading"
            >
              <span
                class=""
              >
                d
                <sup
                  class="Transliteration__modifier"
                />
                <sup
                  class="Transliteration__flag"
                />
              </span>
            </span>
          </sup>
        </span>
      </span>
      <span
        class="Transliteration__wordSeparator Transliteration__wordSeparator--SUMERIAN"
      >
         
      </span>
      <span
        class="Transliteration__Word Transliteration__Word--SUMERIAN"
      >
        <span
          class="Transliteration__Logogram"
        >
          <span
            class=""
          >
            KUR
            <sup
              class="Transliteration__modifier"
            />
            <sup
              class="Transliteration__flag"
            />
          </span>
        </span>
      </span>
      <span
        class="Transliteration__wordSeparator Transliteration__wordSeparator--AKKADIAN"
      >
         
      </span>
      <span
        class="Transliteration__Word Transliteration__Word--AKKADIAN"
      >
        <span
          class="Transliteration__Reading"
        >
          <span
            class=""
          >
            kur
            <sup
              class="Transliteration__modifier"
            />
            <sup
              class="Transliteration__flag"
            />
          </span>
        </span>
      </span>
      <span
        class="Transliteration__wordSeparator Transliteration__wordSeparator--EMESAL"
      >
         
      </span>
      <span
        class="Transliteration__Word Transliteration__Word--EMESAL"
      >
        <span
          class="Transliteration__Reading"
        >
          <span
            class=""
          >
            kur
            <sup
              class="Transliteration__modifier"
            />
            <sup
              class="Transliteration__flag"
            />
          </span>
        </span>
      </span>
      <span
        class="Transliteration__wordSeparator Transliteration__wordSeparator--EMESAL"
      >
         
      </span>
      <span
        class="Transliteration__Word Transliteration__Word--EMESAL"
      >
        <span
          class="Transliteration__Logogram"
        >
          <span
            class=""
          >
            KUR
            <sup
              class="Transliteration__modifier"
            />
            <sup
              class="Transliteration__flag"
            />
          </span>
        </span>
        <span
          class="Transliteration__Determinative"
        >
          <sup>
            <span
              class="Transliteration__Logogram"
            >
              <span
                class=""
              >
                D
                <sup
                  class="Transliteration__modifier"
                />
                <sup
                  class="Transliteration__flag"
                />
              </span>
            </span>
          </sup>
        </span>
      </span>
      <span
        class="Transliteration__wordSeparator Transliteration__wordSeparator--AKKADIAN"
      >
         
      </span>
      <span
        class="Transliteration__Word Transliteration__Word--AKKADIAN"
      >
        <span
          class="Transliteration__Reading"
        >
          <span
            class=""
          >
            kur
            <sup
              class="Transliteration__modifier"
            />
            <sup
              class="Transliteration__flag"
            />
          </span>
        </span>
      </span>
    </li>
    <li
      class="Transliteration__TextLine"
    >
      <span>
        9.
      </span>
      <span
        class="Transliteration__wordSeparator Transliteration__wordSeparator--SUMERIAN"
      >
         
      </span>
      <span
        class="Transliteration__Word Transliteration__Word--SUMERIAN"
      >
        <span
          class="Transliteration__CompoundGrapheme"
        >
          |KUR₂.KUR|
        </span>
      </span>
      <span
        class="Transliteration__wordSeparator Transliteration__wordSeparator--SUMERIAN"
      >
         
      </span>
      <span
        class="Transliteration__Word Transliteration__Word--SUMERIAN"
      >
        <span
          class="Transliteration__Determinative"
        >
          <sup>
            <span
              class="Transliteration__Reading"
            >
              <span
                class=""
              >
                kur
                <sup
                  class="Transliteration__modifier"
                />
                <sup
                  class="Transliteration__flag"
                />
              </span>
            </span>
          </sup>
        </span>
        <span
          class="Transliteration__Variant"
        >
          <span
            class="Transliteration__Reading"
          >
            <span
              class=""
            >
              ra
              <sup
                class="Transliteration__modifier"
              />
              <sup
                class="Transliteration__flag"
              />
            </span>
          </span>
          /
          <span
            class="Transliteration__Logogram"
          >
            <span
              class="Transliteration__Logogram--damaged"
            >
              RA
              <sup
                class="Transliteration__modifier"
              />
              <sup
                class="Transliteration__flag"
              />
            </span>
          </span>
        </span>
        <span
          class="Transliteration__Joiner"
        >
          -
        </span>
        <span
          class="Transliteration__Reading"
        >
          <span
            class=""
          >
            kur
            <sub
              class="Transliteration__subIndex"
            >
              2
            </sub>
            <sup
              class="Transliteration__modifier"
            />
            <sup
              class="Transliteration__flag"
            />
          </span>
        </span>
      </span>
      <span
        class="Transliteration__wordSeparator Transliteration__wordSeparator--SUMERIAN"
      >
         
      </span>
      <span
        class="Transliteration__Word Transliteration__Word--SUMERIAN"
      >
        <span
          class="Transliteration__PhoneticGloss"
        >
          <sup>
            <span
              class="Transliteration__Reading"
            >
              <span
                class=""
              >
                kur
                <sup
                  class="Transliteration__modifier"
                />
                <sup
                  class="Transliteration__flag"
                />
              </span>
            </span>
          </sup>
        </span>
        <span
          class="Transliteration__Reading"
        >
          <span
            class=""
          >
            kur
            <sup
              class="Transliteration__modifier"
            />
            <sup
              class="Transliteration__flag"
            >
              !
            </sup>
          </span>
        </span>
      </span>
      <span
        class="Transliteration__wordSeparator Transliteration__wordSeparator--SUMERIAN"
      >
         
      </span>
      <span
        class="Transliteration__Divider Transliteration__Divider--SUMERIAN"
      >
        <span
          class=""
        >
          :.
          <sup
            class="Transliteration__modifier"
          />
          <sup
            class="Transliteration__flag"
          />
        </span>
      </span>
      <span
        class="Transliteration__wordSeparator Transliteration__wordSeparator--SUMERIAN"
      >
         
      </span>
      <span
        class="Transliteration__Word Transliteration__Word--SUMERIAN"
      >
        <span
          class="Transliteration__Variant"
        >
          <span
            class="Transliteration__Reading"
          >
            <span
              class=""
            >
              kur
              <sup
                class="Transliteration__modifier"
              />
              <sup
                class="Transliteration__flag"
              />
            </span>
          </span>
          /
          <span
            class="Transliteration__Logogram"
          >
            <span
              class="Transliteration__Logogram--damaged"
            >
              KUR
              <sup
                class="Transliteration__modifier"
              />
              <sup
                class="Transliteration__flag"
              />
            </span>
          </span>
        </span>
      </span>
    </li>
    <li
      class="Transliteration__TextLine"
    >
      <span>
        9.
      </span>
      <span
        class="Transliteration__wordSeparator Transliteration__wordSeparator--EMESAL"
      >
         
      </span>
      <span
        class="Transliteration__Word Transliteration__Word--EMESAL"
      >
        <span
          class="Transliteration__CompoundGrapheme"
        >
          |KUR₂.KUR|
        </span>
      </span>
      <span
        class="Transliteration__wordSeparator Transliteration__wordSeparator--EMESAL"
      >
         
      </span>
      <span
        class="Transliteration__Word Transliteration__Word--EMESAL"
      >
        <span
          class="Transliteration__Determinative"
        >
          <sup>
            <span
              class="Transliteration__Reading"
            >
              <span
                class=""
              >
                kur
                <sup
                  class="Transliteration__modifier"
                />
                <sup
                  class="Transliteration__flag"
                />
              </span>
            </span>
          </sup>
        </span>
        <span
          class="Transliteration__Variant"
        >
          <span
            class="Transliteration__Reading"
          >
            <span
              class=""
            >
              ra
              <sup
                class="Transliteration__modifier"
              />
              <sup
                class="Transliteration__flag"
              />
            </span>
          </span>
          /
          <span
            class="Transliteration__Logogram"
          >
            <span
              class="Transliteration__Logogram--damaged"
            >
              RA
              <sup
                class="Transliteration__modifier"
              />
              <sup
                class="Transliteration__flag"
              />
            </span>
          </span>
        </span>
        <span
          class="Transliteration__Joiner"
        >
          -
        </span>
        <span
          class="Transliteration__Reading"
        >
          <span
            class=""
          >
            kur
            <sub
              class="Transliteration__subIndex"
            >
              2
            </sub>
            <sup
              class="Transliteration__modifier"
            />
            <sup
              class="Transliteration__flag"
            />
          </span>
        </span>
      </span>
      <span
        class="Transliteration__wordSeparator Transliteration__wordSeparator--EMESAL"
      >
         
      </span>
      <span
        class="Transliteration__Word Transliteration__Word--EMESAL"
      >
        <span
          class="Transliteration__PhoneticGloss"
        >
          <sup>
            <span
              class="Transliteration__Reading"
            >
              <span
                class=""
              >
                kur
                <sup
                  class="Transliteration__modifier"
                />
                <sup
                  class="Transliteration__flag"
                />
              </span>
            </span>
          </sup>
        </span>
        <span
          class="Transliteration__Reading"
        >
          <span
            class=""
          >
            kur
            <sup
              class="Transliteration__modifier"
            />
            <sup
              class="Transliteration__flag"
            >
              !
            </sup>
          </span>
        </span>
      </span>
      <span
        class="Transliteration__wordSeparator Transliteration__wordSeparator--EMESAL"
      >
         
      </span>
      <span
        class="Transliteration__Divider Transliteration__Divider--EMESAL"
      >
        <span
          class=""
        >
          :.
          <sup
            class="Transliteration__modifier"
          />
          <sup
            class="Transliteration__flag"
          />
        </span>
      </span>
      <span
        class="Transliteration__wordSeparator Transliteration__wordSeparator--EMESAL"
      >
         
      </span>
      <span
        class="Transliteration__Word Transliteration__Word--EMESAL"
      >
        <span
          class="Transliteration__Variant"
        >
          <span
            class="Transliteration__Reading"
          >
            <span
              class=""
            >
              kur
              <sup
                class="Transliteration__modifier"
              />
              <sup
                class="Transliteration__flag"
              />
            </span>
          </span>
          /
          <span
            class="Transliteration__Logogram"
          >
            <span
              class="Transliteration__Logogram--damaged"
            >
              KUR
              <sup
                class="Transliteration__modifier"
              />
              <sup
                class="Transliteration__flag"
              />
            </span>
          </span>
        </span>
      </span>
    </li>
    <li
      class="Transliteration__TextLine"
    >
      <span>
        10.
      </span>
      <span
        class="Transliteration__wordSeparator Transliteration__wordSeparator--AKKADIAN"
      >
         
      </span>
      <span
        class="Transliteration__Word Transliteration__Word--AKKADIAN"
      >
        <span
          class="Transliteration__AccidentalOmission"
        >
          &lt;
        </span>
        <span
          class="Transliteration__Reading"
        >
          <span
            class=""
          >
            kur
            <sup
              class="Transliteration__modifier"
            />
            <sup
              class="Transliteration__flag"
            />
          </span>
        </span>
      </span>
      <span
        class="Transliteration__wordSeparator Transliteration__wordSeparator--AKKADIAN"
      >
         
      </span>
      <span
        class="Transliteration__Word Transliteration__Word--AKKADIAN"
      >
        <span
          class="Transliteration__Reading"
        >
          <span
            class=""
          >
            kur
            <sup
              class="Transliteration__modifier"
            />
            <sup
              class="Transliteration__flag"
            />
          </span>
        </span>
        <span
          class="Transliteration__AccidentalOmission"
        >
          &gt;
        </span>
      </span>
      <span
        class="Transliteration__wordSeparator Transliteration__wordSeparator--AKKADIAN"
      >
         
      </span>
      <span
        class="Transliteration__Word Transliteration__Word--AKKADIAN"
      >
        <span
          class="Transliteration__IntentionalOmission"
        >
          &lt;(
        </span>
        <span
          class="Transliteration__Reading"
        >
          <span
            class=""
          >
            kur
            <sup
              class="Transliteration__modifier"
            />
            <sup
              class="Transliteration__flag"
            />
          </span>
        </span>
      </span>
      <span
        class="Transliteration__wordSeparator Transliteration__wordSeparator--AKKADIAN"
      >
         
      </span>
      <span
        class="Transliteration__Word Transliteration__Word--AKKADIAN"
      >
        <span
          class="Transliteration__Reading"
        >
          <span
            class=""
          >
            kur
            <sup
              class="Transliteration__modifier"
            />
            <sup
              class="Transliteration__flag"
            />
          </span>
        </span>
        <span
          class="Transliteration__IntentionalOmission"
        >
          )&gt;
        </span>
      </span>
      <span
        class="Transliteration__wordSeparator Transliteration__wordSeparator--AKKADIAN"
      >
         
      </span>
      <span
        class="Transliteration__Word Transliteration__Word--AKKADIAN"
      >
        <span
          class="Transliteration__Removal"
        >
          &lt;&lt;
        </span>
        <span
          class="Transliteration__Reading"
        >
          <span
            class=""
          >
            kur
            <sup
              class="Transliteration__modifier"
            />
            <sup
              class="Transliteration__flag"
            />
          </span>
        </span>
      </span>
      <span
        class="Transliteration__wordSeparator Transliteration__wordSeparator--AKKADIAN"
      >
         
      </span>
      <span
        class="Transliteration__Word Transliteration__Word--AKKADIAN"
      >
        <span
          class="Transliteration__Reading"
        >
          <span
            class=""
          >
            kur
            <sup
              class="Transliteration__modifier"
            />
            <sup
              class="Transliteration__flag"
            />
          </span>
        </span>
        <span
          class="Transliteration__Removal"
        >
          &gt;&gt;
        </span>
      </span>
    </li>
    <li
      class="Transliteration__TextLine"
    >
      <span>
        11.
      </span>
      <span
        class="Transliteration__wordSeparator Transliteration__wordSeparator--AKKADIAN"
      >
         
      </span>
      <span
        class="Transliteration__BrokenAway Transliteration__BrokenAway--AKKADIAN"
      >
        ]
      </span>
      <span
        class="Transliteration__wordSeparator Transliteration__wordSeparator--AKKADIAN"
      >
         
      </span>
      <span
        class="Transliteration__BrokenAway Transliteration__BrokenAway--AKKADIAN"
      >
        [
      </span>
      <sup
        class="Transliteration__DocumentOrientedGloss"
      >
        <span
          class="Transliteration__Word Transliteration__Word--AKKADIAN"
        >
          <span
            class="Transliteration__Reading"
          >
            <span
              class=""
            >
              ra
              <sup
                class="Transliteration__modifier"
              />
              <sup
                class="Transliteration__flag"
              />
            </span>
          </span>
        </span>
      </sup>
      <span
        class="Transliteration__BrokenAway Transliteration__BrokenAway--AKKADIAN"
      >
        ]
      </span>
    </li>
    <li
      class="Transliteration__ControlLine"
    >
      <span>
        $
      </span>
      <span
        class="Transliteration__wordSeparator Transliteration__wordSeparator--AKKADIAN"
      >
         
      </span>
      <span
        class="Transliteration__Token Transliteration__Token--AKKADIAN"
      >
        single ruling
      </span>
    </li>
  </ol>
</div>
`;
