// Jest Snapshot v1, https://goo.gl/fbAQLP

exports[`Snapshot 1`] = `
<div>
  <header>
    <p
      class="TransliterationHeader__description"
    >
      Balbodduh lifuseb wuuk nasu hulwajo ho hiskuk riwa eldat ivu jandara nosrina abike befukiz ravsus.
    </p>
    <p
      class="TransliterationHeader__description"
    >
      Zut uzzejum ub mil ika roppar zewize ipifac vut eci avimez cewmikjov kiwso zamli jecja now.
    </p>
    <p
      class="TransliterationHeader__publication"
    >
      (Publication: 
      Guod cigipli epibif odepuwu.
      )
    </p>
  </header>
  <ol
    class="Display__lines"
  >
    <li>
      <div
        class="Display__line Display__line--TextLine"
      >
        <span>
          1.
        </span>
         
        <span
          class="Display__token Display__token--Word"
        >
          <span
            class="Display__token Display__token--Reading"
          >
            kur
            <span
              class="Display__modifier"
            >
              @v
            </span>
            <sup
              class="Display__flag"
            >
              #!
            </sup>
          </span>
          <span
            class="Display__token Display__token--Joiner"
          >
            .
          </span>
          <span
            class="Display__token Display__token--Reading"
          >
            kur
            <sub
              class="Display__subIndex"
            >
              x
            </sub>
            <span
              class="Display__modifier"
            />
            <sup
              class="Display__flag"
            />
            <span
              class="Display__bracket"
            >
              (
            </span>
            <span
              class="Display__token Display__token--Grapheme"
            >
              KUR
              <span
                class="Display__modifier"
              />
              <sup
                class="Display__flag"
              />
            </span>
            <span
              class="Display__bracket"
            >
              )
            </span>
          </span>
          <span
            class="Display__token Display__token--Joiner"
          >
            -
          </span>
          <span
            class="Display__token Display__token--Logogram"
          >
            KUR
            <sub
              class="Display__subIndex"
            >
              2
            </sub>
            <span
              class="Display__modifier"
            >
              @v
            </span>
            <sup
              class="Display__flag"
            >
              #!
            </sup>
          </span>
        </span>
         
        <span
          class="Display__token Display__token--Word"
        >
          <span
            class="Display__token Display__token--CompoundGrapheme"
          >
            |KUR.KUR|
          </span>
        </span>
         
        <span
          class="Display__token Display__token--UnknownNumberOfSigns"
        >
          …
        </span>
         
        <span
          class="Display__token Display__token--UnidentifiedSign"
        >
          X
          <sup
            class="Display__flag"
          />
        </span>
         
        <span
          class="Display__token Display__token--UnclearSign"
        >
          x
          <sup
            class="Display__flag"
          />
        </span>
         
        <span
          class="Display__token Display__token--Variant"
        >
          <span
            class="Display__token Display__token--Reading"
          >
            kur
            <span
              class="Display__modifier"
            />
            <sup
              class="Display__flag"
            />
          </span>
          /
          <span
            class="Display__token Display__token--Logogram"
          >
            KUR
            <span
              class="Display__modifier"
            />
            <sup
              class="Display__flag"
            />
            <span
              class="Display__bracket"
            >
              &lt;(
            </span>
            <span
              class="Display__token Display__token--Reading"
            >
              kur
              <span
                class="Display__modifier"
              />
              <sup
                class="Display__flag"
              />
            </span>
            <span
              class="Display__bracket"
            >
              )&gt;
            </span>
          </span>
        </span>
      </div>
    </li>
  </ol>
</div>
`;
