// Jest Snapshot v1, https://goo.gl/fbAQLP

exports[`Corpus results Match Snapshot 1`] = `
<div>
  <div
    class="row"
  >
    <div
      class="mt-2 col offset-5"
    >
      <ul
        class="pagination"
      >
        <li
          class="page-item active"
        >
          <span
            class="page-link"
          >
            1
            <span
              class="sr-only"
            >
              (current)
            </span>
          </span>
        </li>
      </ul>
    </div>
  </div>
  <div
    class="row"
  >
    <div
      class="col"
    >
      <div
        class="table-responsive"
      >
        <table
          class="table"
        >
          <thead>
            <tr>
              <th>
                Text
              </th>
              <th>
                Chapter
              </th>
              <th>
                Matching Lines
              </th>
            </tr>
          </thead>
          <tbody>
            <tr>
              <td>
                L
                 
                I.2
              </td>
              <td>
                <a
                  href="/corpus/L/1/2/OB/My Chapter"
                >
                  Old Babylonian My Chapter
                </a>
              </td>
              <td>
                <tr>
                  <span
                    class="line_number"
                  >
                    1
                    . 
                  </span>
                </tr>
                <tr>
                  <span>
                    NinSchb
                     
                    o iii
                     
                    a+1
                    .
                     
                  </span>
                </tr>
                <tr>
                  NinSchb
                   
                  1
                   
                  <span
                    class="Transliteration__wordSeparator Transliteration__wordSeparator--AKKADIAN"
                  >
                     
                  </span>
                  <span
                    class="Transliteration__Word Transliteration__Word--AKKADIAN"
                  >
                    <span
                      class=""
                    >
                      <span
                        class="Transliteration__Reading"
                      >
                        <span
                          class=""
                        >
                          <span
                            class="Transliteration__ValueToken"
                          >
                            <span
                              class=""
                            >
                              érin
                            </span>
                          </span>
                          <sup
                            class="Transliteration__modifier"
                          />
                          <sup
                            class="Transliteration__flag"
                          />
                        </span>
                      </span>
                      <span
                        class="Transliteration__Joiner"
                      >
                        <span
                          class=""
                        >
                          -
                        </span>
                      </span>
                      <span
                        class="Transliteration__BrokenAway"
                      >
                        <span
                          class=""
                        >
                          [
                        </span>
                      </span>
                      <span
                        class="Transliteration__PerhapsBrokenAway"
                      >
                        <span
                          class="Transliteration__PerhapsBrokenAway--BROKEN_AWAY"
                        >
                          (
                        </span>
                      </span>
                      <span
                        class="Transliteration__Logogram"
                      >
                        <span
                          class="Transliteration__Logogram--BROKEN_AWAY Transliteration__Logogram--PERHAPS_BROKEN_AWAY"
                        >
                          <span
                            class="Transliteration__ValueToken"
                          >
                            <span
                              class="Transliteration__ValueToken--BROKEN_AWAY Transliteration__ValueToken--PERHAPS_BROKEN_AWAY"
                            >
                              ŠÁ
                            </span>
                          </span>
                          <sup
                            class="Transliteration__modifier"
                          />
                          <sup
                            class="Transliteration__flag"
                          />
                        </span>
                      </span>
                      <span
                        class="Transliteration__Joiner"
                      >
                        <span
                          class="Transliteration__Joiner--BROKEN_AWAY Transliteration__Joiner--PERHAPS_BROKEN_AWAY"
                        >
                          -
                        </span>
                      </span>
                      <span
                        class="Transliteration__Variant"
                      >
                        <span
                          class="Transliteration__Reading"
                        >
                          <span
                            class="Transliteration__Reading--BROKEN_AWAY Transliteration__Reading--PERHAPS_BROKEN_AWAY"
                          >
                            <span
                              class="Transliteration__ValueToken"
                            >
                              <span
                                class="Transliteration__ValueToken--BROKEN_AWAY Transliteration__ValueToken--PERHAPS_BROKEN_AWAY"
                              >
                                šà
                              </span>
                            </span>
                            <sup
                              class="Transliteration__modifier"
                            />
                            <sup
                              class="Transliteration__flag"
                            />
                          </span>
                        </span>
                        /
                        <span
                          class="Transliteration__Logogram"
                        >
                          <span
                            class="Transliteration__Logogram--BROKEN_AWAY Transliteration__Logogram--PERHAPS_BROKEN_AWAY"
                          >
                            <span
                              class="Transliteration__ValueToken"
                            >
                              <span
                                class="Transliteration__ValueToken--BROKEN_AWAY Transliteration__ValueToken--PERHAPS_BROKEN_AWAY"
                              >
                                GÌRI
                              </span>
                            </span>
                            <sup
                              class="Transliteration__modifier"
                            />
                            <sup
                              class="Transliteration__flag"
                            />
                          </span>
                        </span>
                      </span>
                      <span
                        class="Transliteration__PerhapsBrokenAway"
                      >
                        <span
                          class="Transliteration__PerhapsBrokenAway--BROKEN_AWAY Transliteration__PerhapsBrokenAway--PERHAPS_BROKEN_AWAY"
                        >
                          )
                        </span>
                      </span>
                    </span>
                  </span>
                  <span
                    class="Transliteration__wordSeparator Transliteration__wordSeparator--AKKADIAN"
                  >
                     
                  </span>
                  <span
                    class="Transliteration__Word Transliteration__Word--AKKADIAN"
                  >
                    <span
                      class=""
                    >
                      <span
                        class="Transliteration__Reading"
                      >
                        <span
                          class=""
                        >
                          <span
                            class="Transliteration__ValueToken"
                          >
                            <span
                              class=""
                            >
                              kur
                            </span>
                          </span>
                          <sup
                            class="Transliteration__modifier"
                          />
                          <sup
                            class="Transliteration__flag"
                          />
                        </span>
                      </span>
                    </span>
                  </span>
                  <span
                    class="Transliteration__wordSeparator Transliteration__wordSeparator--AKKADIAN"
                  >
                     
                  </span>
                  <span
                    class="Transliteration__Word Transliteration__Word--AKKADIAN"
                  >
                    <span
                      class="Transliteration__Word--BROKEN_AWAY"
                    >
                      <span
                        class="Transliteration__Reading"
                      >
                        <span
                          class="Transliteration__Reading--BROKEN_AWAY"
                        >
                          <span
                            class="Transliteration__ValueToken"
                          >
                            <span
                              class="Transliteration__ValueToken--BROKEN_AWAY"
                            >
                              saḫ
                            </span>
                          </span>
                          <sup
                            class="Transliteration__modifier"
                          />
                          <sup
                            class="Transliteration__flag"
                          />
                        </span>
                      </span>
                      <span
                        class="Transliteration__Joiner"
                      >
                        <span
                          class="Transliteration__Joiner--BROKEN_AWAY"
                        >
                          -
                        </span>
                      </span>
                      <span
                        class="Transliteration__Logogram"
                      >
                        <span
                          class="Transliteration__Logogram--BROKEN_AWAY"
                        >
                          <span
                            class="Transliteration__ValueToken"
                          >
                            <span
                              class="Transliteration__ValueToken--BROKEN_AWAY"
                            >
                              SAH
                            </span>
                          </span>
                          <sup
                            class="Transliteration__modifier"
                          />
                          <sup
                            class="Transliteration__flag"
                          />
                        </span>
                      </span>
                    </span>
                  </span>
                  <span
                    class="Transliteration__wordSeparator Transliteration__wordSeparator--AKKADIAN"
                  >
                     
                  </span>
                  <span
                    class="Transliteration__UnknownNumberOfSigns Transliteration__UnknownNumberOfSigns--AKKADIAN"
                  >
                    …
                  </span>
                  <span
                    class="Transliteration__BrokenAway Transliteration__BrokenAway--AKKADIAN"
                  >
                    <span
                      class="Transliteration__BrokenAway--BROKEN_AWAY"
                    >
                      ]
                    </span>
                  </span>
                </tr>
              </td>
            </tr>
          </tbody>
        </table>
      </div>
    </div>
  </div>
  <div
    class="row"
  />
</div>
`;
