// Jest Snapshot v1, https://goo.gl/fbAQLP

exports[`Snapshot 1`] = `
<div>
  <section>
    <h3
      class="SubsectionHeading--indented"
    >
      Latest additions:
    </h3>
    <div
      class="fade alert alert-danger show"
      role="alert"
    >
      <h4>
        Something's gone wrong.
      </h4>
      <p>
        Our team has been notified, but you can fill out a report by clicking the button below.
      </p>
      <p>
        <button
          class="btn btn-danger"
          type="button"
        >
          Send a report
        </button>
      </p>
    </div>
    <div
      class="fade alert alert-danger show"
      role="alert"
    >
      <h4>
        Something's gone wrong.
      </h4>
      <p>
        Our team has been notified, but you can fill out a report by clicking the button below.
      </p>
      <p>
        <button
          class="btn btn-danger"
          type="button"
        >
          Send a report
        </button>
      </p>
    </div>
  </section>
</div>
`;
