// Jest Snapshot v1, https://goo.gl/fbAQLP

exports[`Snapshot 1`] = `
<div>
  <section>
    <h3
      class="SubsectionHeading--indented"
    >
      Latest additions:
    </h3>
    <div
      class="text-center my-5 withData-spinner"
    >
      <span
        aria-hidden="true"
        aria-label="Spinner"
        class="mr-2 spinner-border spinner-border-sm"
        role="status"
      />
       Loading...
    </div>
    <div
      class="text-center my-5 withData-spinner"
    >
      <span
        aria-hidden="true"
        aria-label="Spinner"
        class="mr-2 spinner-border spinner-border-sm"
        role="status"
      />
       Loading...
    </div>
  </section>
</div>
`;
