// Jest Snapshot v1, https://goo.gl/fbAQLP

exports[`Fetch word correctly displays word parts 1`] = `
<div>
  <main
    class="main"
  >
    <div
      class="main__content"
    >
      <header
        class="main__header"
      >
        <nav
          aria-label="breadcrumb"
          class="main__breadcrumbs"
        >
          <ol
            class="breadcrumb"
          >
            <li
              class="breadcrumb-item active"
            >
              <a
                href="/"
              >
                eBL
              </a>
            </li>
            <li
              class="breadcrumb-item active"
            >
              <a
                href="/dictionary"
              >
                Dictionary
              </a>
            </li>
            <li
              aria-current="page"
              class="breadcrumb-item active"
            >
              c49ca1a96f9ce4d45bdc9962307a703eba53c0a8
            </li>
          </ol>
        </nav>
        <h2
          class="main__heading"
        >
          <div
            class="row"
          >
            <div
              class="col"
            >
              <strong>
                uhetu upubum
                 
                IV
              </strong>
              , “
              <span>
                fe
              </span>
              ”
            </div>
            <div
              class="col"
            >
              <h5
                class="text-secondary"
              >
                (
                MOD, PRP
                )
              </h5>
            </div>
            <div
              class="ipaTranscription pr-5 mr-5 col-auto"
            >
              <div
                class="ipa-display"
              >
                [ˈu.xe.tu ˈu.pu.bum]
              </div>
            </div>
          </div>
          <div
            class="row"
          >
            <div
              class="arabicGuideWord col"
            >
              fe
            </div>
          </div>
        </h2>
        <div
          class="main__toolbar btn-toolbar"
          role="toolbar"
        />
      </header>
      <div
        class="row"
      >
        <div
          class="col"
        >
          <h3
            class="dictionary-heading"
            id="Ⅰ"
          >
            Ⅰ
            . 
            A Concise Dictionary of Akkadian
          </h3>
        </div>
      </div>
      <div
        class="row"
      >
        <div
          class="col"
        >
          <div
            class="row"
          >
            <div
              class="col offset-1"
            >
              <div
                class="row"
              >
                <div
                  class="col"
                >
                  Other forms: 
                   
                  <span>
                    <span>
                      pe 
                    </span>
                    <span>
                      <em>
                        gajāramdaš** 
                      </em>
                      la**
                    </span>
                     
                     
                    <span>
                      usrew
                    </span>
                    
                  </span>
                  , 
                  <span>
                    <span>
                      gi 
                    </span>
                    <span>
                      <em>
                        rap** 
                      </em>
                      nēnu**
                    </span>
                     
                     
                    <span>
                      sobkuva
                    </span>
                    
                  </span>
                  
                </div>
              </div>
              <div
                class="row"
              >
                <div
                  class="col"
                >
                  Attested stems: 
                  <span>
                    <a
                      href="/dictionary/c49ca1a96f9ce4d45bdc9962307a703eba53c0a8#attested-stem-0"
                    >
                      Dtt
                    </a>
                    , 
                  </span>
                  <span>
                    <a
                      href="/dictionary/c49ca1a96f9ce4d45bdc9962307a703eba53c0a8#attested-stem-1"
                    >
                      N
                    </a>
                  </span>
                </div>
              </div>
              <div
                class="row"
              >
                <div
                  class="col"
                >
                  Derivatives: 
                   
                  <span>
                    <span>
                      tin 
                    </span>
                    <a
                      href="/dictionary/pabemiiwu%20pa%20II"
                    >
                      <em>
                        pabemiiwu pa
                      </em>
                    </a>
                     
                    II
                     
                     
                    <span>
                      mi
                    </span>
                    
                  </span>
                  , 
                  <span>
                    <span>
                      cujuwibi 
                    </span>
                    <a
                      href="/dictionary/tesbu%20pi%20IV"
                    >
                      <em>
                        tesbu pi
                      </em>
                    </a>
                     
                    IV
                     
                     
                    <span>
                      vu
                    </span>
                    
                  </span>
                  
                  ; 
                   
                  <span>
                    <span>
                      sulhe 
                    </span>
                    <a
                      href="/dictionary/utgibhem%20ra%20II"
                    >
                      <em>
                        utgibhem ra
                      </em>
                    </a>
                     
                    II
                     
                     
                    <span>
                      ulkil
                    </span>
                    
                  </span>
                  , 
                  <span>
                    <span>
                      ziwaini 
                    </span>
                    <a
                      href="/dictionary/tuktupu%20nuwu%20I"
                    >
                      <em>
                        tuktupu nuwu
                      </em>
                    </a>
                     
                    I
                     
                     
                    <span>
                      reguwza
                    </span>
                    
                  </span>
                  
                  ; 
                </div>
              </div>
              <div
                class="row"
              >
                <div
                  class="col"
                >
                  Derived from: 
                  <span>
                    <span>
                      muvi 
                    </span>
                    <a
                      href="/dictionary/jaruw%20itiparu%20III"
                    >
                      <em>
                        jaruw itiparu
                      </em>
                    </a>
                     
                    III
                     
                     
                    <span>
                      panum
                    </span>
                    
                  </span>
                </div>
              </div>
              <div
                class="row"
              >
                <div
                  class="col"
                >
                  Logograms: 
                   
                  <span>
                    <span>
                      zuisi 
                    </span>
                    <span>
                      echo
                    </span>
                     
                    <span>
                       
                      <span>
                        bravo
                      </span>
                      
                       
                    </span>
                     
                     
                    <span>
                      lan
                    </span>
                    
                  </span>
                  , 
                  <span>
                    <span>
                      ofinijvef 
                    </span>
                    <span>
                      bravo
                    </span>
                     
                    <span>
                       
                      <span>
                        charlie
                      </span>
                      
                       
                    </span>
                     
                     
                    <span>
                      lo
                    </span>
                    
                  </span>
                  
                </div>
              </div>
              <div
                class="row"
              >
                <div
                  class="col"
                />
              </div>
              <div
                class="row"
              >
                <div
                  class="col"
                >
                  <br />
                  <span>
                    Bo hafe jed egeragpo viwidih zutu we ijcegwoj opuziw agse wad eksorep edzu tuum za.
                  </span>
                </div>
              </div>
            </div>
          </div>
          <div
            class="row"
          >
            <div
              class="col"
            >
              <div
                class="col"
              >
                <div
                  class="row"
                >
                  <div
                    class="col"
                  >
                    <div
                      class="row"
                    >
                      <strong>
                        Dtt
                      </strong>
                         
                       
                      <p>
                        La gumib not ukugub niruhi majiv aruha ro zar zi adiazku tiwom wezil.
                      </p>
                    </div>
                    <div
                      class="row"
                    >
                      <ol>
                        <li
                          id="attested-stem-0"
                        >
                          <div
                            class="ml-3"
                          >
                            <span>
                              Mu efobizro cafofiri mub kes dovlulle gow tojovdad kiogfuz mupasa viegsif rogo tep aku resbeju wop ubro luez.
                            </span>
                          </div>
                        </li>
                        <li
                          id="attested-stem-1"
                        >
                          <div
                            class="ml-3"
                          >
                            <span>
                              Lahwev memzubam nusoge ebcem nifta wojfobop mikgu nus fohom cifa safezot wuot va ebo widmoc.
                            </span>
                          </div>
                        </li>
                      </ol>
                    </div>
                  </div>
                </div>
                <div
                  class="row"
                >
                  <div
                    class="col"
                  >
                    <div
                      class="row"
                    >
                      <strong>
                        N
                      </strong>
                         
                       
                      <p>
                        Cafheejo juud ulzi we udubu odejibviz uhciw ge citmi hi uphowge tiri tatwovef hi dowuile dih wacbus najab.
                      </p>
                    </div>
                    <div
                      class="row"
                    >
                      <ol>
                        <li
                          id="attested-stem-0"
                        >
                          <div
                            class="ml-3"
                          >
                            <span>
                              Levnevse irizob tetah radjic nagcir biiv ragow tu wit wiahahi miw pa kobjawib hol ilobelhon of soh.
                            </span>
                          </div>
                        </li>
                        <li
                          id="attested-stem-1"
                        >
                          <div
                            class="ml-3"
                          >
                            <span>
                              Cuttegav alo oluusute era esudoj futasuj ugha ecosu bueciri was jahi mozoscu ditniv vorun.
                            </span>
                          </div>
                        </li>
                      </ol>
                    </div>
                  </div>
                </div>
              </div>
            </div>
          </div>
          <div
            class="row"
          >
            <div
              class="col"
            />
          </div>
        </div>
      </div>
      <div
        class="text-center border border-dark mx-5 m-3 p-2"
      >
        <strong>
          From
        </strong>
        <br />
        Black, J.; George, A.R.; Postgate, N.
        , 
        <em>
          A Concise Dictionary of Akkadian
        </em>
        . 
        Second (corrected) printing. SANTAG Arbeiten und Untersuchungen zur Keilschriftkunde 5. Wiesbaden: Harrassowitz, ²2000
        .
        <br />
        <strong>
          By permission from Harrassowitz
        </strong>
        <br />
        <a
          class="text-dark "
          href="https://www.harrassowitz-verlag.de/isbn_978-3-447-04264-2.ahtml"
          rel="noopener noreferrer"
          target="_blank"
        >
          <i
            class="pointer__hover my-2 fas fa-shopping-cart fa-2x"
          />
        </a>
      </div>
      <div
        class="row"
      >
        <div
          class="col"
        >
          <h3
            class="dictionary-heading"
            id="Ⅱ"
          >
            Ⅱ
            . 
            A Concise Dictionary of Akkadian (Justifications, Addenda and Corrigenda)
          </h3>
        </div>
      </div>
      <div
        class="ml-5 row"
      >
        <div
          class="col"
        >
           
          <span>
            fe
          </span>
        </div>
      </div>
      <div
        class="text-center border border-dark mx-5 m-3 p-2"
      >
        <strong>
          From
        </strong>
        <br />
        Postgate, N.; Worthington, M.
        , 
        <em>
          A Concise Dictionary of Akkadian (Justifications, Addenda and Corrigenda)
        </em>
        . 
        2003–2011
        .
        <br />
        <strong>
          By permission from the authors
        </strong>
        <br />
        <a
          class="text-dark "
          href="https://www.soas.ac.uk/cda-archive/"
          rel="noopener noreferrer"
          target="_blank"
        >
          <i
            class="pointer__hover my-2 fas fa-external-link-square-alt"
          />
        </a>
      </div>
      <div
        class="row"
      >
        <div
          class="col"
        >
          <h3
            class="dictionary-heading"
            id="Ⅲ"
          >
            Ⅲ
            . 
            Akkadische Logogramme
          </h3>
        </div>
      </div>
      <div
        class="fade alert alert-danger show"
        role="alert"
      >
        expecting an array or an iterable object but got [object Null]
      </div>
      <div
        class="row"
      >
        <div
          class="col"
        >
          <h3
            class="dictionary-heading"
            id="Ⅳ"
          >
            Ⅳ
            . 
            Akkadische Glossare und Indizes (AfO-Register)
          </h3>
        </div>
      </div>
      <div
        class="ml-5 row"
      >
        <div
          class="col"
        >
          <div
            class="small text-black-50 row"
          >
            <div>
              <sup
                style="font-style: normal;"
              >
                serbig
              </sup>
            </div>
          </div>
          <div
            class="row"
          >
            <div>
              <sup
                style="font-style: normal;"
              >
                jaruw
              </sup>
            </div>
          </div>
          <div
            class="row"
          >
            <div>
              <em>
                itiparu
              </em>
            </div>
          </div>
          <div
            class="mb-3 row"
          >
            <div
              class="small text-black-50 ml-3"
            >
              [
              panum
              ]
            </div>
          </div>
        </div>
      </div>
      <div
        class="ml-5 row"
      >
        <div
          class="col"
        >
          <div
            class="small text-black-50 row"
          >
            <div>
              puul
            </div>
          </div>
          <div
            class="row"
          >
            <div>
              aasad asas 
              <em>
                itiparu
              </em>
            </div>
          </div>
          <div
            class="row"
          >
            <div>
              <i>
                širkū
              </i>
            </div>
          </div>
          <div
            class="mb-3 row"
          >
            <div
              class="small text-black-50 ml-3"
            >
              [
              juzz
              ]
            </div>
          </div>
        </div>
      </div>
      <div
        class="text-center border border-dark mx-5 m-3 p-2"
      >
        <strong>
          From
        </strong>
        <br />
        Hirsch, H.; Hunger, H.; Jursa, M.; Weszeli, M.; et al.
        , 
        <em>
          Archiv für Orientforschung (Register Assyriologie)
        </em>
        . 
        25 (1974/1977) – 54 (2021)
        .
        <br />
        <strong>
          By permission from the AfO Redaktion
        </strong>
        <br />
        <a
          class="text-dark "
          href="https://orientalistik.univie.ac.at/publikationen/afo/register/"
          rel="noopener noreferrer"
          target="_blank"
        >
          <i
            class="pointer__hover my-2 fas fa-external-link-square-alt"
          />
        </a>
      </div>
       
      <div
        class="text-center border border-dark mx-5 m-3 p-2"
      >
        <strong>
          From
        </strong>
        <br />
        Sommerfeld, W.
        , 
        <em>
          Akkadische Glossare und Indizes
        </em>
        . 
        Version 1.1 (26. Mai 2021)
        .
        <br />
        <a
          class="text-dark "
          href="https://creativecommons.org/licenses/by-nd/4.0/"
          rel="noopener noreferrer"
          target="_blank"
        >
          <strong>
            CC BY-ND 4.0
          </strong>
        </a>
        <br />
        <a
          class="text-dark "
          href="https://www.uni-marburg.de/cnms/forschung/dnms/apps/agi"
          rel="noopener noreferrer"
          target="_blank"
        >
          <i
            class="pointer__hover my-2 fas fa-external-link-square-alt"
          />
        </a>
      </div>
      <div
        class="row"
      >
        <div
          class="col"
        >
          <h3
            class="dictionary-heading"
            id="Ⅴ"
          >
            Ⅴ
            . 
            Supplement to the Akkadian Dictionaries
          </h3>
        </div>
      </div>
      <div
        class="supplementsAkkadianDictionaries row"
      >
        <div
          class="col"
        >
           
          <span>
            word
          </span>
        </div>
      </div>
      <div
        class="text-center border border-dark mx-5 m-3 p-2"
      >
        <strong>
          From
        </strong>
        <br />
        Streck, M.P.
        , 
        <em>
          Supplement to the Akkadian Dictionaries
        </em>
        . 
        2013–
        .
        <br />
        <a
          class="text-dark "
          href="https://creativecommons.org/licenses/by-sa/3.0/"
          rel="noopener noreferrer"
          target="_blank"
        >
          <strong>
            CC BY-ND 3.0
          </strong>
        </a>
        <br />
        <a
          class="text-dark "
          href="https://altorient.gko.uni-leipzig.de/etymd.html"
          rel="noopener noreferrer"
          target="_blank"
        >
          <i
            class="pointer__hover my-2 fas fa-external-link-square-alt"
          />
        </a>
      </div>
      <div
        class="row"
      >
        <div
          class="col"
        >
          <h3
            class="dictionary-heading"
            id="Ⅵ"
          >
            Ⅵ
            . 
            Library Examples
          </h3>
        </div>
      </div>
      <p>
        2
         matches 
        <a
          href="/library/search/?lemmas=c49ca1a96f9ce4d45bdc9962307a703eba53c0a8"
          rel="noopener noreferrer"
          target="_blank"
          title="View in fragmentarium search"
        >
          <i
            class="pointer__hover my-2 fas fa-external-link-square-alt"
          />
        </a>
      </p>
      <div
        class="row"
      >
        <div
          class="col-1"
        >
          <a
            href="/library/Test.Fragment"
          >
            Test.Fragment
          </a>
        </div>
        <div
          class="fragmentlines-column col"
        >
          <table>
            <tbody>
              <tr>
                <td
                  class="fragment-lines-with-lemma__line-number"
                >
                  10
                </td>
                <td
                  colspan="1"
                >
                  <span
                    class="Transliteration__Word Transliteration__Word--AKKADIAN"
                  >
                    <span
                      class=""
                    />
                  </span>
                  <span
                    class="Transliteration__wordSeparator Transliteration__wordSeparator--AKKADIAN"
                  >
                     
                  </span>
                  <span
                    class="Transliteration__ValueToken Transliteration__ValueToken--AKKADIAN"
                  >
                    <span
                      class=""
                    >
                      |
                    </span>
                  </span>
                  <span
                    class="Transliteration__wordSeparator Transliteration__wordSeparator--AKKADIAN"
                  >
                     
                  </span>
                  <span
                    class="Transliteration__Word Transliteration__Word--AKKADIAN"
                  >
                    <span
                      class=""
                    />
                  </span>
                </td>
              </tr>
              <tr>
                <td
                  class="fragment-lines-with-lemma__line-number"
                >
                  10
                </td>
                <td
                  colspan="1"
                >
                  <span
                    class="Transliteration__UnknownNumberOfSigns Transliteration__UnknownNumberOfSigns--AKKADIAN"
                  >
                    …
                  </span>
                  <span
                    class="Transliteration__wordSeparator Transliteration__wordSeparator--AKKADIAN"
                  >
                     
                  </span>
                  <span
                    class="Transliteration__Word Transliteration__Word--AKKADIAN"
                  >
                    <span
                      class=""
                    />
                  </span>
                  <span
                    class="Transliteration__wordSeparator Transliteration__wordSeparator--AKKADIAN"
                  >
                     
                  </span>
                  <span
                    class="Transliteration__LoneDeterminative Transliteration__LoneDeterminative--AKKADIAN"
                  >
                    <span
                      class=""
                    />
                  </span>
                  <span
                    class="Transliteration__wordSeparator Transliteration__wordSeparator--AKKADIAN"
                  >
                     
                  </span>
                  <span
                    class="Transliteration__UnknownNumberOfSigns Transliteration__UnknownNumberOfSigns--AKKADIAN"
                  >
                    …
                  </span>
                  <span
                    class="Transliteration__wordSeparator Transliteration__wordSeparator--AKKADIAN"
                  >
                     
                  </span>
                  <span
                    class="Transliteration__UnknownNumberOfSigns Transliteration__UnknownNumberOfSigns--AKKADIAN"
                  >
                    …
                  </span>
                  <span
                    class="Transliteration__wordSeparator Transliteration__wordSeparator--AKKADIAN"
                  >
                     
                  </span>
                  <span
                    class="Transliteration__Word Transliteration__Word--AKKADIAN"
                  >
                    <span
                      class=""
                    />
                  </span>
                  <span
                    class="Transliteration__wordSeparator Transliteration__wordSeparator--AKKADIAN"
                  >
                     
                  </span>
                  <span
                    class="Transliteration__Word Transliteration__Word--AKKADIAN"
                  >
                    <span
                      class=""
                    />
                  </span>
                </td>
              </tr>
            </tbody>
          </table>
        </div>
      </div>
      <a
        href="/library/search/?lemmas=c49ca1a96f9ce4d45bdc9962307a703eba53c0a8"
        rel="noopener noreferrer"
        target="_blank"
        title="View in fragmentarium search"
      >
        Show all 
        2
         matches in Library search 
        <i
          class="pointer__hover my-2 fas fa-external-link-square-alt"
        />
      </a>
      <div
        class="row"
      >
        <div
          class="col"
        >
          <h3
            class="dictionary-heading"
            id="Ⅶ"
          >
            Ⅶ
            . 
            Corpus Examples
          </h3>
        </div>
      </div>
      <p>
        42
         matches 
        <a
          href="/library/search/?lemmas=c49ca1a96f9ce4d45bdc9962307a703eba53c0a8#corpus"
          rel="noopener noreferrer"
          target="_blank"
          title="View in fragmentarium search"
        >
          <i
            class="pointer__hover my-2 fas fa-external-link-square-alt"
          />
        </a>
      </p>
      <nav
        class="nav nav-tabs"
        role="tablist"
      >
        <a
          aria-selected="true"
          class="nav-item nav-link active"
          data-rb-event-key="L"
          href="#"
          role="tab"
        >
          Literature
        </a>
        <a
          aria-selected="false"
          class="nav-item nav-link"
          data-rb-event-key="D"
          href="#"
          role="tab"
        >
          Divination
        </a>
        <a
          aria-disabled="true"
          aria-selected="false"
          class="nav-item nav-link disabled"
          data-rb-event-key="Med"
          href="#"
          role="tab"
          tabindex="-1"
        >
          Medicine
        </a>
        <a
          aria-disabled="true"
          aria-selected="false"
          class="nav-item nav-link disabled"
          data-rb-event-key="Mag"
          href="#"
          role="tab"
          tabindex="-1"
        >
          Magic
        </a>
      </nav>
      <div
        class="tab-content"
      >
        <div
          aria-hidden="false"
          class="fade tab-pane active show"
          role="tabpanel"
        >
          <div
            class="row"
          >
            <div
              class="col"
            >
              <table>
                <tbody>
                  <tr>
                    <th
                      class="lines-with-lemma__genre"
                      colspan="2"
                      scope="col"
                    >
                      Neo-Assyrian
                    </th>
                  </tr>
                  <tr>
                    <th
                      class="lines-with-lemma__header"
                      colspan="2"
                      scope="col"
                    >
                      <span
                        class="lines-with-lemma__textname"
                      >
                        Vaf hunpi ew kezle cezvo ror zuditi wamahno kig nennofic matinba lo sij.
                      </span>
                       
                      <span>
                        (
                        <a
                          href="https://www.ebl.lmu.de/corpus/L/880/5996640223625216/NA/Sohop%20foluhtec%20no%20udatanhet%20koke%20mennesje%20dovtorzej%20focemiz%20fuco%20acako%20joul%20za%20heesu%20kesuj%20wuc%20efca."
                          rel="noopener noreferrer"
                          target="_blank"
                        >
                          L
                           
                          DCCCLXXX.5996640223625216
                        </a>
                        )
                      </span>
                       
                      <span>
                        Sohop foluhtec no udatanhet koke mennesje dovtorzej focemiz fuco acako joul za heesu kesuj wuc efca.
                      </span>
                    </th>
                  </tr>
                  <tr
                    class="lines-with-lemma__textline hide-meter"
                  >
                    <td
                      class="lines-with-lemma__line-number"
                    >
                      <a
                        href="https://www.ebl.lmu.de/corpus/L/880/5996640223625216/NA/Sohop%20foluhtec%20no%20udatanhet%20koke%20mennesje%20dovtorzej%20focemiz%20fuco%20acako%20joul%20za%20heesu%20kesuj%20wuc%20efca.#6"
                      >
                        6
                      </a>
                    </td>
                    <td
                      colspan="1"
                    >
                      <span
                        class="Transliteration__AkkadianWord Transliteration__AkkadianWord--AKKADIAN"
                      >
                        <span
                          class=""
                        >
                          <span
                            class="Transliteration__ValueToken"
                          >
                            <span
                              class=""
                            >
                              kur-kur
                            </span>
                          </span>
                          <sup
                            class="Transliteration__flag"
                          />
                        </span>
                      </span>
                    </td>
                  </tr>
                  <tr
                    class="lines-with-lemma__translation"
                  >
                    <td />
                    <td>
                      <span>
                        Mi uz zufbopnel puk agutohwed mifan ajfeso bezcom ko cu nit arfajam azluw.
                      </span>
                    </td>
                  </tr>
                  <tr>
                    <th
                      class="lines-with-lemma__genre"
                      colspan="2"
                      scope="col"
                    >
                      Middle Assyrian
                    </th>
                  </tr>
                  <tr>
                    <th
                      class="lines-with-lemma__header"
                      colspan="2"
                      scope="col"
                    >
                      <span
                        class="lines-with-lemma__textname"
                      >
                        Obo zahon bigbaz zed rur gobane hilat pebpepac nuzbupimo wuh dor muswipa ohwen poha dec.
                      </span>
                       
                      <span>
                        (
                        <a
                          href="https://www.ebl.lmu.de/corpus/L/983/357911240900608/MA/Boasi%20argi%20ma%20vemu%20cehilfag%20fidcouzi%20nustu%20ehtastop%20veaf%20dul%20sa%20ma."
                          rel="noopener noreferrer"
                          target="_blank"
                        >
                          L
                           
                          CMLXXXIII.357911240900608
                        </a>
                        )
                      </span>
                       
                      <span>
                        Boasi argi ma vemu cehilfag fidcouzi nustu ehtastop veaf dul sa ma.
                      </span>
                    </th>
                  </tr>
                  <tr
                    class="lines-with-lemma__textline hide-meter"
                  >
                    <td
                      class="lines-with-lemma__line-number"
                    >
                      <a
                        href="https://www.ebl.lmu.de/corpus/L/983/357911240900608/MA/Boasi%20argi%20ma%20vemu%20cehilfag%20fidcouzi%20nustu%20ehtastop%20veaf%20dul%20sa%20ma.#8"
                      >
                        8
                      </a>
                    </td>
                    <td
                      colspan="1"
                    >
                      <span
                        class="Transliteration__AkkadianWord Transliteration__AkkadianWord--AKKADIAN"
                      >
                        <span
                          class=""
                        >
                          <span
                            class="Transliteration__ValueToken"
                          >
                            <span
                              class=""
                            >
                              kur-kur
                            </span>
                          </span>
                          <sup
                            class="Transliteration__flag"
                          />
                        </span>
                      </span>
                    </td>
                  </tr>
                  <tr
                    class="lines-with-lemma__translation"
                  >
                    <td />
                    <td>
                      <span>
                        Veefu cacvar ges nedunamid godadedom ja zuw za roz wa cun wapvimon cetla debu ruhviub pomet tasnabcog guknoc.
                      </span>
                    </td>
                  </tr>
                  <tr>
                    <th
                      class="lines-with-lemma__genre"
                      colspan="2"
                      scope="col"
                    >
                      Ur III
                    </th>
                  </tr>
                  <tr>
                    <th
                      class="lines-with-lemma__header"
                      colspan="2"
                      scope="col"
                    >
                      <span
                        class="lines-with-lemma__textname"
                      >
                        Em fo hebce kofecfif zaej wogpare zuicaho cewnad nofovi fav dabhif hobriser giocogi vofun ruhnadar fuvmi.
                      </span>
                       
                      <span>
                        (
                        <a
                          href="https://www.ebl.lmu.de/corpus/L/583/6954575500148736/Ur3/Tu%20cum%20jihpoul%20zatagsu%20gujsiav%20eneto%20puwuze%20cusigkec%20jofud%20guwuguz%20behuzki%20tuice%20heubob%20kuwruco%20gumfav."
                          rel="noopener noreferrer"
                          target="_blank"
                        >
                          L
                           
                          DLXXXIII.6954575500148736
                        </a>
                        )
                      </span>
                       
                      <span>
                        Tu cum jihpoul zatagsu gujsiav eneto puwuze cusigkec jofud guwuguz behuzki tuice heubob kuwruco gumfav.
                      </span>
                    </th>
                  </tr>
                  <tr
                    class="lines-with-lemma__textline hide-meter"
                  >
                    <td
                      class="lines-with-lemma__line-number"
                    >
                      <a
                        href="https://www.ebl.lmu.de/corpus/L/583/6954575500148736/Ur3/Tu%20cum%20jihpoul%20zatagsu%20gujsiav%20eneto%20puwuze%20cusigkec%20jofud%20guwuguz%20behuzki%20tuice%20heubob%20kuwruco%20gumfav.#12"
                      >
                        12
                      </a>
                    </td>
                    <td
                      colspan="1"
                    >
                      <span
                        class="Transliteration__AkkadianWord Transliteration__AkkadianWord--AKKADIAN"
                      >
                        <span
                          class=""
                        >
                          <span
                            class="Transliteration__ValueToken"
                          >
                            <span
                              class=""
                            >
                              kur-kur
                            </span>
                          </span>
                          <sup
                            class="Transliteration__flag"
                          />
                        </span>
                      </span>
                    </td>
                  </tr>
                  <tr
                    class="lines-with-lemma__translation"
                  >
                    <td />
                    <td>
                      <span>
                        Edce re fi ohreni woog jofogoj emehibo ko guwebored vovik fo jofu geg ekevi he sovodifo.
                      </span>
                    </td>
                  </tr>
                  <tr>
                    <th
                      class="lines-with-lemma__genre"
                      colspan="2"
                      scope="col"
                    >
                      Presargonic
                    </th>
                  </tr>
                  <tr>
                    <th
                      class="lines-with-lemma__header"
                      colspan="2"
                      scope="col"
                    >
                      <span
                        class="lines-with-lemma__textname"
                      >
                        Oban fe zaj uceda pif sutac uccagew vazo pini tu jowza ratva cunlodov hanu vifefvi kibbac puvos.
                      </span>
                       
                      <span>
                        (
                        <a
                          href="https://www.ebl.lmu.de/corpus/L/1570/7790056666300416/PSarg/Socofa%20ujuuheji%20fuk%20apo%20ba%20boc%20cava%20renefip%20mavarwi%20fu%20ficlef%20itiso%20kufo%20kof%20ameige%20etu%20fomapeze."
                          rel="noopener noreferrer"
                          target="_blank"
                        >
                          L
                           
                          MDLXX.7790056666300416
                        </a>
                        )
                      </span>
                       
                      <span>
                        Socofa ujuuheji fuk apo ba boc cava renefip mavarwi fu ficlef itiso kufo kof ameige etu fomapeze.
                      </span>
                    </th>
                  </tr>
                  <tr
                    class="lines-with-lemma__textline hide-meter"
                  >
                    <td
                      class="lines-with-lemma__line-number"
                    >
                      <a
                        href="https://www.ebl.lmu.de/corpus/L/1570/7790056666300416/PSarg/Socofa%20ujuuheji%20fuk%20apo%20ba%20boc%20cava%20renefip%20mavarwi%20fu%20ficlef%20itiso%20kufo%20kof%20ameige%20etu%20fomapeze.#13"
                      >
                        13
                      </a>
                    </td>
                    <td
                      colspan="1"
                    >
                      <span
                        class="Transliteration__AkkadianWord Transliteration__AkkadianWord--AKKADIAN"
                      >
                        <span
                          class=""
                        >
                          <span
                            class="Transliteration__ValueToken"
                          >
                            <span
                              class=""
                            >
                              kur-kur
                            </span>
                          </span>
                          <sup
                            class="Transliteration__flag"
                          />
                        </span>
                      </span>
                    </td>
                  </tr>
                  <tr
                    class="lines-with-lemma__translation"
                  >
                    <td />
                    <td>
                      <span>
                        Oko maw iwukoncaw om bu ehagzel reweram vimethu tapjogvom duz apbi ulo afiril lidonzir akawona.
                      </span>
                    </td>
                  </tr>
                </tbody>
              </table>
            </div>
          </div>
        </div>
        <div
          aria-hidden="true"
          class="fade tab-pane"
          role="tabpanel"
        >
          <div
            class="row"
          >
            <div
              class="col"
            >
              <table>
                <tbody>
                  <tr>
                    <th
                      class="lines-with-lemma__genre"
                      colspan="2"
                      scope="col"
                    >
                      Middle Elamite
                    </th>
                  </tr>
                  <tr>
                    <th
                      class="lines-with-lemma__header"
                      colspan="2"
                      scope="col"
                    >
                      <span
                        class="lines-with-lemma__textname"
                      >
                        Wama uhro etacafnez ovu wopano vasozli behe halecez pur honuv ziv upepufa rezami ficfiozi veh ti ta.
                      </span>
                       
                      <span>
                        (
                        <a
                          href="https://www.ebl.lmu.de/corpus/D/2771/1007298344386560/MElam/Pahpa%20muwupdi%20bucelo%20du%20siwele%20mubupel%20januw%20hencan%20iwok%20zo%20fuizi%20pedo%20kemum%20jewkudin%20feksukmab%20bukrepcu."
                          rel="noopener noreferrer"
                          target="_blank"
                        >
                          D
                           
                          MMDCCLXXI.1007298344386560
                        </a>
                        )
                      </span>
                       
                      <span>
                        Pahpa muwupdi bucelo du siwele mubupel januw hencan iwok zo fuizi pedo kemum jewkudin feksukmab bukrepcu.
                      </span>
                    </th>
                  </tr>
                  <tr
                    class="lines-with-lemma__textline hide-meter"
                  >
                    <td
                      class="lines-with-lemma__line-number"
                    >
                      <a
                        href="https://www.ebl.lmu.de/corpus/D/2771/1007298344386560/MElam/Pahpa%20muwupdi%20bucelo%20du%20siwele%20mubupel%20januw%20hencan%20iwok%20zo%20fuizi%20pedo%20kemum%20jewkudin%20feksukmab%20bukrepcu.#5"
                      >
                        5
                      </a>
                    </td>
                    <td
                      colspan="1"
                    >
                      <span
                        class="Transliteration__AkkadianWord Transliteration__AkkadianWord--AKKADIAN"
                      >
                        <span
                          class=""
                        >
                          <span
                            class="Transliteration__ValueToken"
                          >
                            <span
                              class=""
                            >
                              kur-kur
                            </span>
                          </span>
                          <sup
                            class="Transliteration__flag"
                          />
                        </span>
                      </span>
                    </td>
                  </tr>
                  <tr
                    class="lines-with-lemma__translation"
                  >
                    <td />
                    <td>
                      <span>
                        Ruin su da ho zec la ran hozakan pim lokceg omu dakig sojriuz.
                      </span>
                    </td>
                  </tr>
                  <tr>
                    <th
                      class="lines-with-lemma__genre"
                      colspan="2"
                      scope="col"
                    >
                      Neo-Assyrian
                    </th>
                  </tr>
                  <tr>
                    <th
                      class="lines-with-lemma__header"
                      colspan="2"
                      scope="col"
                    >
                      <span
                        class="lines-with-lemma__textname"
                      >
                        Sijoc zi puzipe gekruro jukabmon bobadile sejke lej pu ecla lop raf ripcipho osezetpi.
                      </span>
                       
                      <span>
                        (
                        <a
                          href="https://www.ebl.lmu.de/corpus/D/2515/3954316605915136/NA/Mub%20idtepih%20sodagi%20notagafik%20cokibege%20kubilfi%20cem%20bis%20zupzoova%20em%20tabcewiw%20luh%20jukdor%20rev%20kanifi%20se%20pun%20ajikoh."
                          rel="noopener noreferrer"
                          target="_blank"
                        >
                          D
                           
                          MMDXV.3954316605915136
                        </a>
                        )
                      </span>
                       
                      <span>
                        Mub idtepih sodagi notagafik cokibege kubilfi cem bis zupzoova em tabcewiw luh jukdor rev kanifi se pun ajikoh.
                      </span>
                    </th>
                  </tr>
                  <tr
                    class="lines-with-lemma__textline hide-meter"
                  >
                    <td
                      class="lines-with-lemma__line-number"
                    >
                      <a
                        href="https://www.ebl.lmu.de/corpus/D/2515/3954316605915136/NA/Mub%20idtepih%20sodagi%20notagafik%20cokibege%20kubilfi%20cem%20bis%20zupzoova%20em%20tabcewiw%20luh%20jukdor%20rev%20kanifi%20se%20pun%20ajikoh.#7"
                      >
                        7
                      </a>
                    </td>
                    <td
                      colspan="1"
                    >
                      <span
                        class="Transliteration__AkkadianWord Transliteration__AkkadianWord--AKKADIAN"
                      >
                        <span
                          class=""
                        >
                          <span
                            class="Transliteration__ValueToken"
                          >
                            <span
                              class=""
                            >
                              kur-kur
                            </span>
                          </span>
                          <sup
                            class="Transliteration__flag"
                          />
                        </span>
                      </span>
                    </td>
                  </tr>
                  <tr
                    class="lines-with-lemma__translation"
                  >
                    <td />
                    <td>
                      <span>
                        Vokinjeg vucuvigas nodsava pud la fepa mid du se bemabdo douhaaw mecro.
                      </span>
                    </td>
                  </tr>
                  <tr>
                    <th
                      class="lines-with-lemma__header"
                      colspan="2"
                      scope="col"
                    >
                      <span
                        class="lines-with-lemma__textname"
                      >
                        Utiwewafu luse jifow use kubfegra ebitam nic soimo hivgutbu afi ikapiz rima wa vikbo og rew.
                      </span>
                       
                      <span>
                        (
                        <a
                          href="https://www.ebl.lmu.de/corpus/D/2216/8941636763516928/NA/Menukera%20tecu%20tajo%20hovbab%20zofin%20goahasa%20osunar%20gonetda%20rize%20jarovme%20uzdapupo%20battitwe%20bu%20beinuwe%20dumgewig%20nivi%20cawoh."
                          rel="noopener noreferrer"
                          target="_blank"
                        >
                          D
                           
                          MMCCXVI.8941636763516928
                        </a>
                        )
                      </span>
                       
                      <span>
                        Menukera tecu tajo hovbab zofin goahasa osunar gonetda rize jarovme uzdapupo battitwe bu beinuwe dumgewig nivi cawoh.
                      </span>
                    </th>
                  </tr>
                  <tr
                    class="lines-with-lemma__textline hide-meter"
                  >
                    <td
                      class="lines-with-lemma__line-number"
                    >
                      <a
                        href="https://www.ebl.lmu.de/corpus/D/2216/8941636763516928/NA/Menukera%20tecu%20tajo%20hovbab%20zofin%20goahasa%20osunar%20gonetda%20rize%20jarovme%20uzdapupo%20battitwe%20bu%20beinuwe%20dumgewig%20nivi%20cawoh.#11"
                      >
                        11
                      </a>
                    </td>
                    <td
                      colspan="1"
                    >
                      <span
                        class="Transliteration__AkkadianWord Transliteration__AkkadianWord--AKKADIAN"
                      >
                        <span
                          class=""
                        >
                          <span
                            class="Transliteration__ValueToken"
                          >
                            <span
                              class=""
                            >
                              kur-kur
                            </span>
                          </span>
                          <sup
                            class="Transliteration__flag"
                          />
                        </span>
                      </span>
                    </td>
                  </tr>
                  <tr
                    class="lines-with-lemma__translation"
                  >
                    <td />
                    <td>
                      <span>
                        Sudtih ra nofom dorto di hi nohekju zusho niwe du orazehhu un efawuluv bubwerlu vojpijiz.
                      </span>
                    </td>
                  </tr>
                  <tr>
                    <th
                      class="lines-with-lemma__genre"
                      colspan="2"
                      scope="col"
                    >
                      ED I-II
                    </th>
                  </tr>
                  <tr>
                    <th
                      class="lines-with-lemma__header"
                      colspan="2"
                      scope="col"
                    >
                      <span
                        class="lines-with-lemma__textname"
                      >
                        Gofbi sewuwval maggenur pihuho lave pepisi wi cik gamfamji zudad po deohibud epaada awaheiw ci botmosi.
                      </span>
                       
                      <span>
                        (
                        <a
                          href="https://www.ebl.lmu.de/corpus/D/3062/2682370366898176/ED1-2/Lero%20sa%20urilom%20duriljar%20foiz%20kebovma%20rib%20fej%20duj%20ir%20el%20amo%20hifsoca%20fekod%20ehmewi%20nemef%20cek."
                          rel="noopener noreferrer"
                          target="_blank"
                        >
                          D
                           
                          MMMLXII.2682370366898176
                        </a>
                        )
                      </span>
                       
                      <span>
                        Lero sa urilom duriljar foiz kebovma rib fej duj ir el amo hifsoca fekod ehmewi nemef cek.
                      </span>
                    </th>
                  </tr>
                  <tr
                    class="lines-with-lemma__textline hide-meter"
                  >
                    <td
                      class="lines-with-lemma__line-number"
                    >
                      <a
                        href="https://www.ebl.lmu.de/corpus/D/3062/2682370366898176/ED1-2/Lero%20sa%20urilom%20duriljar%20foiz%20kebovma%20rib%20fej%20duj%20ir%20el%20amo%20hifsoca%20fekod%20ehmewi%20nemef%20cek.#9"
                      >
                        9
                      </a>
                    </td>
                    <td
                      colspan="1"
                    >
                      <span
                        class="Transliteration__AkkadianWord Transliteration__AkkadianWord--AKKADIAN"
                      >
                        <span
                          class=""
                        >
                          <span
                            class="Transliteration__ValueToken"
                          >
                            <span
                              class=""
                            >
                              kur-kur
                            </span>
                          </span>
                          <sup
                            class="Transliteration__flag"
                          />
                        </span>
                      </span>
                    </td>
                  </tr>
                  <tr
                    class="lines-with-lemma__translation"
                  >
                    <td />
                    <td>
                      <span>
                        Ah ezivic takhej zuaka teipozid putal pomvit jauwivod ureri ekowieda bofcimpe ocnab hivooh cozev rizcoz.
                      </span>
                    </td>
                  </tr>
                  <tr>
                    <th
                      class="lines-with-lemma__genre"
                      colspan="2"
                      scope="col"
                    >
                      Parthian
                    </th>
                  </tr>
                  <tr>
                    <th
                      class="lines-with-lemma__header"
                      colspan="2"
                      scope="col"
                    >
                      <span
                        class="lines-with-lemma__textname"
                      >
                        Ef ar ro lafizav ifomu uzejude bapujkid moki leclajdad vojetseb ru oba deovwo eveoha othilmo miwhiblej il.
                      </span>
                       
                      <span>
                        (
                        <a
                          href="https://www.ebl.lmu.de/corpus/D/106/5382019083141120/Par/Jasotwe%20moepe%20vewuc%20labzana%20irsimodo%20domru%20asenu%20juf%20wehfog%20ja%20dotmita%20bev%20osopuw%20cehatnoh%20ifli%20gutup%20kajo%20fawsef."
                          rel="noopener noreferrer"
                          target="_blank"
                        >
                          D
                           
                          CVI.5382019083141120
                        </a>
                        )
                      </span>
                       
                      <span>
                        Jasotwe moepe vewuc labzana irsimodo domru asenu juf wehfog ja dotmita bev osopuw cehatnoh ifli gutup kajo fawsef.
                      </span>
                    </th>
                  </tr>
                  <tr
                    class="lines-with-lemma__textline hide-meter"
                  >
                    <td
                      class="lines-with-lemma__line-number"
                    >
                      <a
                        href="https://www.ebl.lmu.de/corpus/D/106/5382019083141120/Par/Jasotwe%20moepe%20vewuc%20labzana%20irsimodo%20domru%20asenu%20juf%20wehfog%20ja%20dotmita%20bev%20osopuw%20cehatnoh%20ifli%20gutup%20kajo%20fawsef.#10"
                      >
                        10
                      </a>
                    </td>
                    <td
                      colspan="1"
                    >
                      <span
                        class="Transliteration__AkkadianWord Transliteration__AkkadianWord--AKKADIAN"
                      >
                        <span
                          class=""
                        >
                          <span
                            class="Transliteration__ValueToken"
                          >
                            <span
                              class=""
                            >
                              kur-kur
                            </span>
                          </span>
                          <sup
                            class="Transliteration__flag"
                          />
                        </span>
                      </span>
                    </td>
                  </tr>
                  <tr
                    class="lines-with-lemma__translation"
                  >
                    <td />
                    <td>
                      <span>
                        Wu guk daulvor deco ewilozco ijujudo gerra howotnid lakaar bocaj uwok nucidok kuru bigivan emacew gitojiz kogar.
                      </span>
                    </td>
                  </tr>
                  <tr>
                    <th
                      class="lines-with-lemma__genre"
                      colspan="2"
                      scope="col"
                    >
                      Fara
                    </th>
                  </tr>
                  <tr>
                    <th
                      class="lines-with-lemma__header"
                      colspan="2"
                      scope="col"
                    >
                      <span
                        class="lines-with-lemma__textname"
                      >
                        Lipak logdesa talciw bohcebre pih dokap ihufoso emne muojbaj sunozeude cug ron zokivu.
                      </span>
                       
                      <span>
                        (
                        <a
                          href="https://www.ebl.lmu.de/corpus/D/1184/968964880465920/Fara/Zikepih%20wozotze%20icbo%20gunmuzaj%20rugka%20sas%20so%20uhi%20uzi%20za%20upo%20won%20co%20zeafi%20fat%20kib%20tofusnun."
                          rel="noopener noreferrer"
                          target="_blank"
                        >
                          D
                           
                          MCLXXXIV.968964880465920
                        </a>
                        )
                      </span>
                       
                      <span>
                        Zikepih wozotze icbo gunmuzaj rugka sas so uhi uzi za upo won co zeafi fat kib tofusnun.
                      </span>
                    </th>
                  </tr>
                  <tr
                    class="lines-with-lemma__textline hide-meter"
                  >
                    <td
                      class="lines-with-lemma__line-number"
                    >
                      <a
                        href="https://www.ebl.lmu.de/corpus/D/1184/968964880465920/Fara/Zikepih%20wozotze%20icbo%20gunmuzaj%20rugka%20sas%20so%20uhi%20uzi%20za%20upo%20won%20co%20zeafi%20fat%20kib%20tofusnun.#14"
                      >
                        14
                      </a>
                    </td>
                    <td
                      colspan="1"
                    >
                      <span
                        class="Transliteration__AkkadianWord Transliteration__AkkadianWord--AKKADIAN"
                      >
                        <span
                          class=""
                        >
                          <span
                            class="Transliteration__ValueToken"
                          >
                            <span
                              class=""
                            >
                              kur-kur
                            </span>
                          </span>
                          <sup
                            class="Transliteration__flag"
                          />
                        </span>
                      </span>
                    </td>
                  </tr>
                  <tr
                    class="lines-with-lemma__translation"
                  >
                    <td />
                    <td>
                      <span>
                        Rapre ewozohisu kumda uhsa furta babenu dug jiirmev kalvomlos lo tupzil ufgobut dipheowi.
                      </span>
                    </td>
                  </tr>
                </tbody>
              </table>
            </div>
          </div>
        </div>
        <div
          aria-hidden="true"
          class="fade tab-pane"
          role="tabpanel"
        >
          <div
            class="row"
          >
            <div
              class="col"
            >
              <table>
                <tbody>
                  <tr>
                    <td
                      class="ml-5 empty-section row"
                    >
                      No entries
                    </td>
                  </tr>
                </tbody>
              </table>
            </div>
          </div>
        </div>
        <div
          aria-hidden="true"
          class="fade tab-pane"
          role="tabpanel"
        >
          <div
            class="row"
          >
            <div
              class="col"
            >
              <table>
                <tbody>
                  <tr>
                    <td
                      class="ml-5 empty-section row"
                    >
                      No entries
                    </td>
                  </tr>
                </tbody>
              </table>
            </div>
          </div>
        </div>
      </div>
      <p>
        <a
          href="/library/search/?lemmas=c49ca1a96f9ce4d45bdc9962307a703eba53c0a8#corpus"
          rel="noopener noreferrer"
          target="_blank"
          title="View in fragmentarium search"
        >
          Show all 
          42
           matches in Corpus search 
          <i
            class="pointer__hover my-2 fas fa-external-link-square-alt"
          />
        </a>
      </p>
    </div>
  </main>
</div>
`;
