// Jest Snapshot v1, https://goo.gl/fbAQLP

exports[`MesZl MesZl Content 1`] = `
<div>
  <div
    class="mesZL__popover"
  >
    <pre>
      <div
        class="text-center my-5 withData-spinner"
      >
        <span
          aria-hidden="true"
          aria-label="Spinner"
          class="mr-2 spinner-border spinner-border-sm"
          role="status"
        />
         Loading...
      </div>
    </pre>
  </div>
  <div
    class="text-center my-5 withData-spinner"
  >
    <span
      aria-hidden="true"
      aria-label="Spinner"
      class="mr-2 spinner-border spinner-border-sm"
      role="status"
    />
     Loading...
  </div>
  <div
    class="text-center"
  >
    <br />
    <strong>
      <a
        href="/signs/ALSK13"
      >
        (Read more ...)
      </a>
    </strong>
    <br />
    <br />
  </div>
  <div
    class="text-center border border-dark mx-5 m-3 p-2"
  >
    <strong>
      From
    </strong>
    <br />
    Borger, R.
    , 
    <em>
      Mesopotamisches Zeichenlexikon. Zweite, revidierte und aktualisierte Auflage
    </em>
    . 
    Alter Orient und Altes Testament 305. Münster: Ugarit-Verlag, ²2010; Kapitel Ⅲ
    .
    <br />
    <strong>
      By permission from Ugarit-Verlag
    </strong>
    <br />
    <a
      class="text-dark "
      href="https://ugarit-verlag.com/en/products/0e8e7ca5d1f5493aa351e3ebc42fb514"
      rel="noopener noreferrer"
      target="_blank"
    >
      <i
        class="pointer__hover my-2 fas fa-shopping-cart fa-2x"
      />
    </a>
  </div>
</div>
`;
